# Target System Specifications

## Hardware

### Manufacturer and Model

- Lenovo ThinkPad P16 Gen2 Intel (16") Mobile Workstation
  
### CPU

- 13th Generation Intel® Core™ i9-13980HX Processor (E-cores up to 4.00 GHz P-cores up to 5.60 GHz) 

### BIOS

- Lenovo Absolute BIOS

### Graphics

- **Integrated GPU**: Integrated Intel® UHD Graphics
- **Display**: 16" WQUXGA (3840 x 2400), IPS, Anti-Glare, Non-Touch, HDR 400, 100%DCI-P3, 800 nits, 60Hz, Low Blue 
- **Camera**: 1080P FHD IR Hybrid with Microphone

### Memory

- 192 GB DDR5-5600MHz (SODIMM) - (4 x 48 GB)

### Storage

- 4 TB SSD M.2 2280 PCIe Gen4 Performance TLC Opal

```
Disk /dev/nvme0n1: 3.73 TiB, 4096805658624 bytes, 8001573552 sectors
Disk model: KXG8AZN84T09 LA KIOXIA                  
Units: sectors of 1 * 512 = 512 bytes
Sector size (logical/physical): 512 bytes / 512 bytes
I/O size (minimum/optimal): 512 bytes / 512 bytes
Disklabel type: gpt
Disk identifier: 018F6979-9880-45D8-AABC-AFD09C7EC822

Device              Start        End    Sectors  Size Type
/dev/nvme0n1p1       2048    2097151    2095104 1023M EFI System
/dev/nvme0n1p2    2097152 7867355823 7865258672  3.7T Linux filesystem
/dev/nvme0n1p3 7867355824 8001573518  134217695   64G Linux swap
```

### Networking

- Wireless: Intel® Wi-Fi 6E AX211 2x2 AX vPro® & Bluetooth® 5.3

### Battery

- 6 Cell Li-Polymer 94Wh

### Additional Hardware

- Near Field Communications (NFC) Support
- Fingerprint reader
- Keyboard backlight
- TPM Setting Enabled Discrete TPM2.0
